
*** baseline

*** /home/jonathan/.rustup/toolchains/stable-x86_64-unknown-linux-gnu/bin/cargo test --no-run --verbose --package=critical_zoomer@0.0.8
       Fresh unicode-ident v1.0.22
       Fresh proc-macro2 v1.0.106
       Fresh quote v1.0.45
       Fresh cfg-if v1.0.4
       Fresh once_cell v1.21.3
       Fresh memchr v2.7.6
       Fresh value-bag v1.12.0
       Fresh autocfg v1.5.0
       Fresh find-msvc-tools v0.1.9
       Fresh shlex v1.3.0
       Fresh pkg-config v0.3.32
       Fresh serde_derive v1.0.228
       Fresh serde_core v1.0.228
       Fresh cc v1.2.55
       Fresh pin-project-lite v0.2.16
       Fresh slab v0.4.12
       Fresh cfg_aliases v0.2.1
       Fresh libloading v0.8.9
       Fresh futures-core v0.3.31
       Fresh winnow v0.7.14
       Fresh zerocopy-derive v0.8.37
       Fresh equivalent v1.0.2
       Fresh hashbrown v0.16.1
       Fresh futures-io v0.3.31
       Fresh crossbeam-utils v0.8.21
       Fresh parking v2.2.1
       Fresh polling v3.11.0
       Fresh synstructure v0.13.2
       Fresh fastrand v2.3.0
       Fresh bytemuck_derive v1.10.2
       Fresh zerocopy v0.8.37
       Fresh concurrent-queue v2.5.0
       Fresh zerofrom-derive v0.1.6
       Fresh yoke-derive v0.8.1
       Fresh bytemuck v1.25.0
       Fresh dlib v0.5.2
       Fresh tracing-attributes v0.1.31
       Fresh libm v0.2.16
       Fresh zerofrom v0.1.6
       Fresh tracing-core v0.1.36
       Fresh stable_deref_trait v1.2.1
       Fresh toml_parser v1.0.6+spec-1.1.0
       Fresh toml_datetime v0.7.5+spec-1.1.0
       Fresh num-traits v0.2.19
       Fresh yoke v0.8.1
       Fresh toml_edit v0.23.10+spec-1.0.0
       Fresh enumflags2_derive v0.7.12
       Fresh zerovec-derive v0.11.2
       Fresh wayland-sys v0.31.8
       Fresh zerovec v0.11.5
       Fresh serde v1.0.228
       Fresh proc-macro-crate v3.4.0
       Fresh displaydoc v0.2.5
       Fresh downcast-rs v1.2.1
       Fresh scoped-tls v1.0.1
       Fresh wayland-backend v0.3.12
       Fresh zvariant_derive v5.9.2
       Fresh endi v1.1.1
       Fresh event-listener v5.4.1
       Fresh wayland-scanner v0.31.8
       Fresh tinystr v0.8.2
       Fresh event-listener-strategy v0.5.4
       Fresh futures-lite v2.6.1
       Fresh litemap v0.8.1
       Fresh writeable v0.6.2
       Fresh zerotrie v0.2.3
       Fresh potential_utf v0.1.4
       Fresh getrandom v0.3.4
       Fresh wayland-client v0.31.12
       Fresh icu_locale_core v2.1.1
       Fresh log v0.4.29
       Fresh scopeguard v1.2.0
       Fresh icu_provider v2.1.1
       Fresh parking_lot_core v0.9.12
       Fresh lock_api v0.4.14
       Fresh icu_collections v2.1.1
       Fresh async-task v4.7.1
       Fresh version_check v0.9.5
       Fresh async-io v2.6.0
       Fresh icu_normalizer_data v2.1.1
       Fresh parking_lot v0.12.5
       Fresh async-channel v2.5.0
       Fresh thiserror-impl v1.0.69
       Fresh syn v2.0.117
       Fresh atomic-waker v1.1.2
       Fresh ttf-parser v0.25.1
       Fresh vcpkg v0.2.15
       Fresh thiserror v1.0.69
       Fresh zvariant_utils v3.3.0
       Fresh owned_ttf_parser v0.25.1
       Fresh piper v0.2.4
       Fresh icu_properties_data v2.1.2
       Fresh wayland-protocols v0.32.10
       Fresh async-lock v3.4.2
       Fresh enumflags2 v0.7.12
       Fresh thiserror-impl v2.0.18
       Fresh ab_glyph_rasterizer v0.1.10
       Fresh foldhash v0.1.5
       Fresh icu_properties v2.1.2
       Fresh libc v0.2.186
       Fresh blocking v1.6.2
       Fresh ab_glyph v0.2.32
       Fresh hashbrown v0.15.5
       Fresh thiserror v2.0.18
       Fresh zvariant v5.9.2
       Fresh ahash v0.8.12
       Fresh async-executor v1.13.3
       Fresh errno v0.3.14
       Fresh adler2 v2.0.1
       Fresh profiling v1.0.17
       Fresh heck v0.5.0
       Fresh arrayvec v0.7.6
       Fresh zbus_names v4.3.1
       Fresh signal-hook-registry v1.4.8
       Fresh accesskit v0.19.0
       Fresh termcolor v1.4.1
       Fresh async-signal v0.2.13
       Fresh uuid v1.23.2
       Fresh quick-xml v0.38.4
       Fresh crc32fast v1.5.0
       Fresh xkeysym v0.2.1
       Fresh static_assertions v1.1.0
       Fresh cursor-icon v1.2.0
       Fresh linux-raw-sys v0.4.15
       Fresh raw-window-handle v0.6.2
       Fresh xcursor v0.3.10
       Fresh utf8_iter v1.0.4
       Fresh wayland-cursor v0.31.12
       Fresh rustix v0.38.44
       Fresh wayland-csd-frame v0.3.0
       Fresh khronos_api v3.1.0
       Fresh async-process v2.5.0
       Fresh zbus_xml v5.1.0
       Fresh wayland-protocols-wlr v0.3.10
       Fresh zbus_macros v5.13.2
       Fresh async-broadcast v0.7.2
       Fresh half v2.7.1
       Fresh emath v0.32.3
       Fresh ordered-stream v0.2.0
       Fresh memmap2 v0.9.9
       Fresh serde_repr v0.1.20
       Fresh async-trait v0.1.89
       Fresh itoa v1.0.17
       Fresh futures-sink v0.3.31
       Fresh hex v0.4.3
       Fresh xml-rs v0.8.28
       Fresh pin-utils v0.1.0
       Fresh zbus v5.13.2
       Fresh futures-channel v0.3.31
       Fresh zbus-lockstep v0.5.2
       Fresh ecolor v0.32.3
       Fresh zbus-lockstep-macros v0.5.2
       Fresh calloop v0.13.0
       Fresh gl_generator v0.14.0
       Fresh rustversion v1.0.22
       Fresh futures-macro v0.3.31
       Fresh bit-vec v0.8.0
       Fresh futures-task v0.3.31
       Fresh arrayref v0.3.9
       Fresh epaint_default_fonts v0.32.3
       Fresh nohash-hasher v0.2.0
       Fresh regex-syntax v0.8.8
       Fresh strict-num v0.1.1
       Fresh futures-util v0.3.31
       Fresh bit-set v0.8.0
       Fresh strum_macros v0.26.4
       Fresh atspi-common v0.9.0
       Fresh epaint v0.32.3
       Fresh tiny-skia-path v0.11.4
       Fresh calloop-wayland-source v0.3.0
       Fresh x11-dl v2.21.0
       Fresh gethostname v1.1.0
       Fresh aho-corasick v1.1.4
       Fresh as-raw-xcb-connection v1.0.1
       Fresh unicode-segmentation v1.12.0
       Fresh unicode-width v0.2.2
       Fresh smallvec v1.15.2
       Fresh rustc-hash v2.1.1
       Fresh x11rb-protocol v0.13.2
       Fresh smithay-client-toolkit v0.19.2
       Fresh regex-automata v0.4.13
       Fresh egui v0.32.3
       Fresh codespan-reporting v0.12.0
       Fresh x11rb v0.13.2
       Fresh tiny-skia v0.11.4
       Fresh strum v0.26.3
       Fresh ppv-lite86 v0.2.21
       Fresh indexmap v2.13.0
       Fresh spirv v0.3.0+sdk-1.3.268.0
       Fresh gpu-descriptor-types v0.2.0
       Fresh gpu-alloc-types v0.3.0
       Fresh rustc-hash v1.1.0
       Fresh percent-encoding v2.3.2
       Fresh event-listener v2.5.3
       Fresh fnv v1.0.7
       Fresh hexf-parse v0.2.1
       Fresh glow v0.16.0
       Fresh gpu-descriptor v0.3.2
       Fresh gpu-alloc v0.6.0
       Fresh naga v25.0.1
       Fresh async-channel v1.9.0
       Fresh sctk-adwaita v0.10.1
       Fresh khronos-egl v6.0.0
       Fresh ash v0.38.0+1.3.281
       Fresh regex v1.12.2
       Fresh atspi-proxies v0.9.0
       Fresh openssl-sys v0.9.111
       Fresh libz-sys v1.1.23
       Fresh libnghttp2-sys v0.1.11+1.64.0
       Fresh xkbcommon-dl v0.4.2
       Fresh wgpu-types v25.0.0
       Fresh wayland-protocols-plasma v0.3.10
       Fresh icu_normalizer v2.1.1
       Fresh ordered-float v4.6.0
       Fresh pin-project-internal v1.1.10
       Fresh smol_str v0.2.2
       Fresh utf8parse v0.2.2
       Fresh renderdoc-sys v1.1.0
       Fresh dpi v0.1.2
       Fresh idna_adapter v1.2.1
       Fresh wgpu-hal v25.0.2
       Fresh anstyle-parse v1.0.0
       Fresh winit v0.30.13
       Fresh pin-project v1.1.10
       Fresh curl-sys v0.4.85+curl-8.18.0
       Fresh atspi-connection v0.9.0
       Fresh fdeflate v0.3.7
       Fresh accesskit_consumer v0.28.0
       Fresh socket2 v0.6.2
       Fresh tracing v0.1.44
       Fresh calloop v0.14.3
       Fresh pxfm v0.1.27
       Fresh askama_parser v0.14.0
       Fresh basic-toml v0.1.10
       Fresh getrandom v0.2.17
       Fresh fastrand v1.9.0
       Fresh bytes v1.11.0
       Fresh linux-raw-sys v0.12.1
       Fresh openssl-probe v0.1.6
       Fresh colorchoice v1.0.4
       Fresh simd-adler32 v0.3.8
       Fresh litrs v1.0.0
       Fresh anstyle-query v1.1.5
       Fresh semver v1.0.27
       Fresh waker-fn v1.2.0
       Fresh bitflags v2.10.0
       Fresh is_terminal_polyfill v1.70.2
       Fresh anstyle v1.0.13
       Fresh http v0.2.12
       Fresh document-features v0.2.12
       Fresh futures-lite v1.13.0
       Fresh anstream v1.0.0
       Fresh rustix v1.1.4
       Fresh rustc_version v0.4.1
       Fresh curl v0.4.49
       Fresh miniz_oxide v0.8.9
       Fresh rand_core v0.6.4
       Fresh calloop-wayland-source v0.4.1
       Fresh tracing-futures v0.2.5
       Fresh moxcms v0.7.11
       Fresh askama_derive v0.14.0
       Fresh atspi v0.25.0
       Fresh polling v2.8.0
       Fresh png v0.18.0
       Fresh accesskit_atspi_common v0.12.0
       Fresh wgpu-core-deps-windows-linux-android v25.0.0
       Fresh zmij v1.0.19
       Fresh memoffset v0.9.1
       Fresh idna v1.1.0
       Fresh sluice v0.5.5
       Fresh form_urlencoded v1.2.2
       Fresh wayland-protocols-misc v0.3.10
       Fresh wayland-protocols-experimental v20250721.0.1
       Fresh getrandom v0.4.2
       Fresh rand_core v0.9.5
       Fresh num_cpus v1.17.0
       Fresh is-terminal v0.4.17
       Fresh encoding_rs v0.8.35
       Fresh iana-time-zone v0.1.65
       Fresh byteorder-lite v0.1.0
       Fresh castaway v0.1.2
       Fresh clap_lex v1.1.0
       Fresh mime v0.3.17
       Fresh strsim v0.11.1
       Fresh humantime v2.3.0
       Fresh image v0.25.9
       Fresh env_logger v0.10.2
       Fresh isahc v1.7.2
       Fresh chrono v0.4.43
       Fresh clap_builder v4.6.0
       Fresh smithay-client-toolkit v0.20.0
       Fresh url v2.5.8
       Fresh core_affinity v0.8.3
       Fresh accesskit_unix v0.15.0
       Fresh glutin_glx_sys v0.6.1
       Fresh serde_json v1.0.149
       Fresh wgpu-core v25.0.2
       Fresh glutin_egl_sys v0.7.1
       Fresh askama v0.14.0
       Fresh nix v0.30.1
       Fresh flate2 v1.1.8
       Fresh rand_chacha v0.3.1
       Fresh clap_derive v4.6.1
       Fresh tempfile v3.27.0
       Fresh crossbeam-epoch v0.9.18
       Fresh crossbeam-channel v0.5.15
       Fresh concat-idents v1.1.5
       Fresh num-conv v0.2.0
       Fresh virtue v0.0.18
       Fresh option-ext v0.2.0
       Fresh time-core v0.1.8
       Fresh web-time v1.1.0
       Fresh powerfmt v0.2.0
       Fresh either v1.16.0
       Fresh minimal-lexical v0.2.1
       Fresh bincode_derive v2.0.1
       Fresh dirs-sys v0.5.0
       Fresh time-macros v0.2.26
       Fresh deranged v0.5.5
       Fresh nom v7.1.3
       Fresh hello_egui_utils v0.9.0
       Fresh clap v4.6.1
       Fresh ctrlc v3.5.1
       Fresh rand v0.8.5
       Fresh crossbeam-deque v0.8.6
       Fresh glutin v0.32.3
       Fresh accesskit_winit v0.27.0
       Fresh webbrowser v1.0.6
       Fresh wgpu v25.0.2
       Fresh smithay-clipboard v0.7.3
       Fresh arboard v3.6.1
       Fresh nix v0.29.0
       Fresh pretty_env_logger v0.5.0
       Fresh rand_chacha v0.9.0
       Fresh type-map v0.5.1
       Fresh futures-executor v0.3.31
       Fresh async-global-executor v2.4.1
       Fresh crossbeam-queue v0.3.12
       Fresh ringbuf v0.4.8
       Fresh memmap v0.7.0
       Fresh wait-timeout v0.2.1
       Fresh kv-log-macro v1.0.7
       Fresh plotters-backend v0.3.7
       Fresh base64 v0.21.7
       Fresh cache_line_size v1.0.0
       Fresh lazy_static v1.5.0
       Fresh galvanic-assert v0.8.7
       Fresh nu-ansi-term v0.50.3
       Fresh aeron_archiver_codecs v0.1.1
       Fresh byteorder v1.5.0
       Fresh ciborium-io v0.2.2
       Fresh simple-easing v1.0.1
       Fresh unty v0.0.4
       Fresh quick-error v1.2.3
       Fresh async-std v1.13.2
       Fresh plotters-svg v0.3.7
       Fresh flexi_logger v0.31.8
       Fresh ciborium-ll v0.2.2
       Fresh hdrhistogram v7.5.4
       Fresh egui_animation v0.9.0
       Fresh rusty-fork v0.3.1
       Fresh bincode v2.0.1
       Fresh aeron v0.2.0
       Fresh futures v0.3.31
       Fresh rand v0.9.2
       Fresh egui-wgpu v0.32.3
       Fresh async-ringbuf v0.3.5
       Fresh egui-winit v0.32.3
       Fresh glutin-winit v0.5.0
       Fresh time v0.3.46
       Fresh rayon-core v1.13.0
       Fresh itertools v0.13.0
       Fresh winapi v0.3.9
       Fresh dirs v6.0.0
       Fresh gmp-mpfr-sys v1.6.8
       Fresh rand_xorshift v0.4.0
       Fresh egui_glow v0.32.3
       Fresh pollster v0.4.0
       Fresh cast v0.3.0
       Fresh az v1.3.0
       Fresh futures-timer v3.0.3
       Fresh same-file v1.0.6
       Fresh unarray v0.1.4
       Fresh criterion-plot v0.8.2
       Fresh steady_state v0.2.13
       Fresh walkdir v2.5.0
       Fresh eframe v0.32.3
       Fresh rug v1.28.1
       Fresh rayon v1.12.0
       Fresh alloca v0.4.0
       Fresh egui_dnd v0.13.0
       Fresh proptest v1.11.0
       Fresh ciborium v0.2.2
       Fresh plotters v0.3.7
       Fresh tinytemplate v1.2.1
       Fresh page_size v0.6.0
       Fresh oorandom v11.1.5
       Fresh anes v0.1.6
       Fresh criterion v0.8.2
   Compiling critical_zoomer v0.0.8 (/tmp/cargo-mutants-Critical-Zoomer-207Ptk.tmp)
     Running `/home/jonathan/.rustup/toolchains/stable-x86_64-unknown-linux-gnu/bin/rustc --crate-name critical_zoomer --edition=2021 src/lib.rs --error-format=json --json=diagnostic-rendered-ansi,artifacts,future-incompat --emit=dep-info,link -C embed-bitcode=no -C debuginfo=2 --test --check-cfg 'cfg(docsrs,test)' --check-cfg 'cfg(feature, values())' -C metadata=6786a87cd5c25ac2 -C extra-filename=-23c24df0d995bb93 --out-dir /home/jonathan/git/Critical-Zoomer/target/debug/deps -C incremental=/home/jonathan/git/Critical-Zoomer/target/debug/incremental -L dependency=/home/jonathan/git/Critical-Zoomer/target/debug/deps --extern bytemuck=/home/jonathan/git/Critical-Zoomer/target/debug/deps/libbytemuck-1ad8eb5738fdfb85.rlib --extern clap=/home/jonathan/git/Critical-Zoomer/target/debug/deps/libclap-d3e6296e58eebc36.rlib --extern criterion=/home/jonathan/git/Critical-Zoomer/target/debug/deps/libcriterion-744022902ab0a7e8.rlib --extern eframe=/home/jonathan/git/Critical-Zoomer/target/debug/deps/libeframe-f852fd55f66ebe30.rlib --extern egui=/home/jonathan/git/Critical-Zoomer/target/debug/deps/libegui-642a08f4691ff26b.rlib --extern egui_wgpu=/home/jonathan/git/Critical-Zoomer/target/debug/deps/libegui_wgpu-768144b611f40381.rlib --extern egui_dnd=/home/jonathan/git/Critical-Zoomer/target/debug/deps/libegui_dnd-4cd72db44049948f.rlib --extern num_traits=/home/jonathan/git/Critical-Zoomer/target/debug/deps/libnum_traits-d519247d36ba65a0.rlib --extern proptest=/home/jonathan/git/Critical-Zoomer/target/debug/deps/libproptest-3f7252da8838ff60.rlib --extern rand=/home/jonathan/git/Critical-Zoomer/target/debug/deps/librand-d9d8bac59bb7e231.rlib --extern rug=/home/jonathan/git/Critical-Zoomer/target/debug/deps/librug-86effec22937077f.rlib --extern smallvec=/home/jonathan/git/Critical-Zoomer/target/debug/deps/libsmallvec-c8b85b0f97c4c86a.rlib --extern steady_state=/home/jonathan/git/Critical-Zoomer/target/debug/deps/libsteady_state-1427be1e74f6b6fd.rlib --extern wgpu=/home/jonathan/git/Critical-Zoomer/target/debug/deps/libwgpu-156bb7fd635a6bc8.rlib --extern winit=/home/jonathan/git/Critical-Zoomer/target/debug/deps/libwinit-0195669e20ce105c.rlib -L native=/home/jonathan/git/Critical-Zoomer/target/debug/build/alloca-4d45275a68c743d7/out -L native=/home/jonathan/git/Critical-Zoomer/target/debug/build/gmp-mpfr-sys-9b4f85c662748735/out/lib`
     Running `/home/jonathan/.rustup/toolchains/stable-x86_64-unknown-linux-gnu/bin/rustc --crate-name critical_zoomer --edition=2021 src/lib.rs --error-format=json --json=diagnostic-rendered-ansi,artifacts,future-incompat --crate-type lib --emit=dep-info,metadata,link -C embed-bitcode=no -C debuginfo=2 --check-cfg 'cfg(docsrs,test)' --check-cfg 'cfg(feature, values())' -C metadata=79738f68cdbf5c71 -C extra-filename=-13b4ac3ca2948aa1 --out-dir /home/jonathan/git/Critical-Zoomer/target/debug/deps -C incremental=/home/jonathan/git/Critical-Zoomer/target/debug/incremental -L dependency=/home/jonathan/git/Critical-Zoomer/target/debug/deps --extern bytemuck=/home/jonathan/git/Critical-Zoomer/target/debug/deps/libbytemuck-1ad8eb5738fdfb85.rmeta --extern clap=/home/jonathan/git/Critical-Zoomer/target/debug/deps/libclap-d3e6296e58eebc36.rmeta --extern eframe=/home/jonathan/git/Critical-Zoomer/target/debug/deps/libeframe-f852fd55f66ebe30.rmeta --extern egui=/home/jonathan/git/Critical-Zoomer/target/debug/deps/libegui-642a08f4691ff26b.rmeta --extern egui_wgpu=/home/jonathan/git/Critical-Zoomer/target/debug/deps/libegui_wgpu-768144b611f40381.rmeta --extern egui_dnd=/home/jonathan/git/Critical-Zoomer/target/debug/deps/libegui_dnd-4cd72db44049948f.rmeta --extern num_traits=/home/jonathan/git/Critical-Zoomer/target/debug/deps/libnum_traits-d519247d36ba65a0.rmeta --extern proptest=/home/jonathan/git/Critical-Zoomer/target/debug/deps/libproptest-3f7252da8838ff60.rmeta --extern rand=/home/jonathan/git/Critical-Zoomer/target/debug/deps/librand-d9d8bac59bb7e231.rmeta --extern rug=/home/jonathan/git/Critical-Zoomer/target/debug/deps/librug-86effec22937077f.rmeta --extern smallvec=/home/jonathan/git/Critical-Zoomer/target/debug/deps/libsmallvec-c8b85b0f97c4c86a.rmeta --extern steady_state=/home/jonathan/git/Critical-Zoomer/target/debug/deps/libsteady_state-1427be1e74f6b6fd.rmeta --extern wgpu=/home/jonathan/git/Critical-Zoomer/target/debug/deps/libwgpu-156bb7fd635a6bc8.rmeta --extern winit=/home/jonathan/git/Critical-Zoomer/target/debug/deps/libwinit-0195669e20ce105c.rmeta -L native=/home/jonathan/git/Critical-Zoomer/target/debug/build/gmp-mpfr-sys-9b4f85c662748735/out/lib`
    Finished `test` profile [unoptimized + debuginfo] target(s) in 37.35s
  Executable `/home/jonathan/git/Critical-Zoomer/target/debug/deps/critical_zoomer-23c24df0d995bb93`

*** result: Success

*** /home/jonathan/.rustup/toolchains/stable-x86_64-unknown-linux-gnu/bin/cargo test --verbose --package=critical_zoomer@0.0.8 --release --lib -- --test-threads=1
    Blocking waiting for file lock on package cache
    Blocking waiting for file lock on package cache
    Blocking waiting for file lock on package cache
       Fresh value-bag v1.12.0
       Fresh autocfg v1.5.0
       Fresh find-msvc-tools v0.1.9
       Fresh shlex v1.3.0
       Fresh cc v1.2.55
       Fresh pkg-config v0.3.32
       Fresh serde_core v1.0.228
       Fresh serde_derive v1.0.228
       Fresh synstructure v0.13.2
       Fresh cfg_aliases v0.2.1
       Fresh libloading v0.8.9
       Fresh zerocopy-derive v0.8.37
       Fresh zerofrom-derive v0.1.6
       Fresh yoke-derive v0.8.1
       Fresh memchr v2.7.6
       Fresh zerovec-derive v0.11.2
       Fresh zerocopy v0.8.37
       Fresh polling v3.11.0
       Fresh displaydoc v0.2.5
       Fresh bytemuck_derive v1.10.2
       Fresh dlib v0.5.2
       Fresh libm v0.2.16
       Fresh bytemuck v1.25.0
       Fresh tracing-attributes v0.1.31
       Fresh unicode-ident v1.0.22
       Fresh num-traits v0.2.19
       Fresh toml_parser v1.0.6+spec-1.1.0
       Fresh toml_datetime v0.7.5+spec-1.1.0
       Fresh enumflags2_derive v0.7.12
       Fresh wayland-sys v0.31.8
       Fresh toml_edit v0.23.10+spec-1.0.0
       Fresh downcast-rs v1.2.1
       Fresh scoped-tls v1.0.1
       Fresh serde v1.0.228
       Fresh proc-macro-crate v3.4.0
       Fresh event-listener v5.4.1
       Fresh wayland-scanner v0.31.8
       Fresh wayland-backend v0.3.12
       Fresh zvariant_derive v5.9.2
       Fresh getrandom v0.3.4
       Fresh event-listener-strategy v0.5.4
       Fresh futures-lite v2.6.1
       Fresh wayland-client v0.31.12
       Fresh proc-macro2 v1.0.106
       Fresh scopeguard v1.2.0
       Fresh log v0.4.29
       Fresh parking_lot_core v0.9.12
       Fresh lock_api v0.4.14
       Fresh quote v1.0.45
       Fresh zerofrom v0.1.6
       Fresh async-task v4.7.1
       Fresh version_check v0.9.5
       Fresh stable_deref_trait v1.2.1
       Fresh async-io v2.6.0
       Fresh syn v2.0.117
       Fresh parking_lot v0.12.5
       Fresh yoke v0.8.1
       Fresh async-channel v2.5.0
       Fresh thiserror-impl v1.0.69
       Fresh atomic-waker v1.1.2
       Fresh vcpkg v0.2.15
       Fresh winnow v0.7.14
       Fresh ttf-parser v0.25.1
       Fresh thiserror v1.0.69
       Fresh piper v0.2.4
       Fresh zvariant_utils v3.3.0
       Fresh owned_ttf_parser v0.25.1
       Fresh wayland-protocols v0.32.10
       Fresh async-lock v3.4.2
       Fresh enumflags2 v0.7.12
       Fresh thiserror-impl v2.0.18
       Fresh foldhash v0.1.5
       Fresh endi v1.1.1
       Fresh ab_glyph_rasterizer v0.1.10
       Fresh hashbrown v0.15.5
       Fresh thiserror v2.0.18
       Fresh ahash v0.8.12
       Fresh blocking v1.6.2
       Fresh libc v0.2.186
       Fresh zerovec v0.11.5
       Fresh async-executor v1.13.3
       Fresh ab_glyph v0.2.32
       Fresh zvariant v5.9.2
       Fresh errno v0.3.14
       Fresh heck v0.5.0
       Fresh profiling v1.0.17
       Fresh arrayvec v0.7.6
       Fresh termcolor v1.4.1
       Fresh accesskit v0.19.0
       Fresh signal-hook-registry v1.4.8
       Fresh zbus_names v4.3.1
       Fresh uuid v1.23.2
       Fresh async-signal v0.2.13
       Fresh quick-xml v0.38.4
       Fresh raw-window-handle v0.6.2
       Fresh xkeysym v0.2.1
       Fresh static_assertions v1.1.0
       Fresh xcursor v0.3.10
       Fresh linux-raw-sys v0.4.15
       Fresh cursor-icon v1.2.0
       Fresh khronos_api v3.1.0
       Fresh zbus_xml v5.1.0
       Fresh async-process v2.5.0
       Fresh wayland-cursor v0.31.12
       Fresh wayland-csd-frame v0.3.0
       Fresh rustix v0.38.44
       Fresh tinystr v0.8.2
       Fresh wayland-protocols-wlr v0.3.10
       Fresh zbus_macros v5.13.2
       Fresh async-broadcast v0.7.2
       Fresh half v2.7.1
       Fresh emath v0.32.3
       Fresh ordered-stream v0.2.0
       Fresh serde_repr v0.1.20
       Fresh async-trait v0.1.89
       Fresh memmap2 v0.9.9
       Fresh writeable v0.6.2
       Fresh pin-utils v0.1.0
       Fresh litemap v0.8.1
       Fresh futures-sink v0.3.31
       Fresh cfg-if v1.0.4
       Fresh hex v0.4.3
       Fresh xml-rs v0.8.28
       Fresh futures-channel v0.3.31
       Fresh icu_locale_core v2.1.1
       Fresh ecolor v0.32.3
       Fresh zbus-lockstep-macros v0.5.2
       Fresh gl_generator v0.14.0
       Fresh zbus v5.13.2
       Fresh rustversion v1.0.22
       Fresh calloop v0.13.0
       Fresh zbus-lockstep v0.5.2
       Fresh potential_utf v0.1.4
       Fresh zerotrie v0.2.3
       Fresh futures-macro v0.3.31
       Fresh strict-num v0.1.1
       Fresh regex-syntax v0.8.8
       Fresh arrayref v0.3.9
       Fresh futures-task v0.3.31
       Fresh epaint_default_fonts v0.32.3
       Fresh nohash-hasher v0.2.0
       Fresh bit-vec v0.8.0
       Fresh futures-util v0.3.31
       Fresh tiny-skia-path v0.11.4
       Fresh epaint v0.32.3
       Fresh bit-set v0.8.0
       Fresh calloop-wayland-source v0.3.0
       Fresh strum_macros v0.26.4
       Fresh icu_provider v2.1.1
       Fresh atspi-common v0.9.0
       Fresh icu_collections v2.1.1
       Fresh x11-dl v2.21.0
       Fresh aho-corasick v1.1.4
       Fresh gethostname v1.1.0
       Fresh as-raw-xcb-connection v1.0.1
       Fresh unicode-segmentation v1.12.0
       Fresh x11rb-protocol v0.13.2
       Fresh smallvec v1.15.2
       Fresh once_cell v1.21.3
       Fresh unicode-width v0.2.2
       Fresh hashbrown v0.16.1
       Fresh equivalent v1.0.2
       Fresh icu_properties_data v2.1.2
       Fresh x11rb v0.13.2
       Fresh codespan-reporting v0.12.0
       Fresh indexmap v2.13.0
       Fresh regex-automata v0.4.13
       Fresh egui v0.32.3
       Fresh crossbeam-utils v0.8.21
       Fresh icu_normalizer_data v2.1.1
       Fresh smithay-client-toolkit v0.19.2
       Fresh strum v0.26.3
       Fresh tiny-skia v0.11.4
       Fresh ppv-lite86 v0.2.21
       Fresh gpu-descriptor-types v0.2.0
       Fresh spirv v0.3.0+sdk-1.3.268.0
       Fresh gpu-alloc-types v0.3.0
       Fresh pin-project-lite v0.2.16
       Fresh futures-core v0.3.31
       Fresh rustc-hash v1.1.0
       Fresh hexf-parse v0.2.1
       Fresh glow v0.16.0
       Fresh percent-encoding v2.3.2
       Fresh gpu-descriptor v0.3.2
       Fresh gpu-alloc v0.6.0
       Fresh naga v25.0.1
       Fresh icu_normalizer v2.1.1
       Fresh sctk-adwaita v0.10.1
       Fresh khronos-egl v6.0.0
       Fresh ash v0.38.0+1.3.281
       Fresh concurrent-queue v2.5.0
       Fresh regex v1.12.2
       Fresh icu_properties v2.1.2
       Fresh tracing-core v0.1.36
       Fresh atspi-proxies v0.9.0
       Fresh openssl-sys v0.9.111
       Fresh libz-sys v1.1.23
       Fresh libnghttp2-sys v0.1.11+1.64.0
       Fresh xkbcommon-dl v0.4.2
       Fresh wgpu-types v25.0.0
       Fresh wayland-protocols-plasma v0.3.10
       Fresh ordered-float v4.6.0
       Fresh pin-project-internal v1.1.10
       Fresh dpi v0.1.2
       Fresh utf8parse v0.2.2
       Fresh smol_str v0.2.2
       Fresh renderdoc-sys v1.1.0
       Fresh futures-io v0.3.31
       Fresh anstyle-parse v1.0.0
       Fresh winit v0.30.13
       Fresh wgpu-hal v25.0.2
       Fresh pin-project v1.1.10
       Fresh curl-sys v0.4.85+curl-8.18.0
       Fresh idna_adapter v1.2.1
       Fresh tracing v0.1.44
       Fresh atspi-connection v0.9.0
       Fresh fdeflate v0.3.7
       Fresh accesskit_consumer v0.28.0
       Fresh socket2 v0.6.2
       Fresh calloop v0.14.3
       Fresh pxfm v0.1.27
       Fresh basic-toml v0.1.10
       Fresh askama_parser v0.14.0
       Fresh getrandom v0.2.17
       Fresh anstyle-query v1.1.5
       Fresh parking v2.2.1
       Fresh simd-adler32 v0.3.8
       Fresh fastrand v1.9.0
       Fresh litrs v1.0.0
       Fresh anstyle v1.0.13
       Fresh openssl-probe v0.1.6
       Fresh semver v1.0.27
       Fresh waker-fn v1.2.0
       Fresh utf8_iter v1.0.4
       Fresh itoa v1.0.17
       Fresh bitflags v2.10.0
       Fresh adler2 v2.0.1
       Fresh colorchoice v1.0.4
       Fresh is_terminal_polyfill v1.70.2
       Fresh linux-raw-sys v0.12.1
       Fresh http v0.2.12
       Fresh idna v1.1.0
       Fresh miniz_oxide v0.8.9
       Fresh rustix v1.1.4
       Fresh anstream v1.0.0
       Fresh futures-lite v1.13.0
       Fresh document-features v0.2.12
       Fresh rustc_version v0.4.1
       Fresh curl v0.4.49
       Fresh askama_derive v0.14.0
       Fresh rand_core v0.6.4
       Fresh moxcms v0.7.11
       Fresh png v0.18.0
       Fresh getrandom v0.4.2
       Fresh crc32fast v1.5.0
       Fresh calloop-wayland-source v0.4.1
       Fresh accesskit_atspi_common v0.12.0
       Fresh sluice v0.5.5
       Fresh memoffset v0.9.1
       Fresh atspi v0.25.0
       Fresh tracing-futures v0.2.5
       Fresh polling v2.8.0
       Fresh zmij v1.0.19
       Fresh wgpu-core-deps-windows-linux-android v25.0.0
       Fresh form_urlencoded v1.2.2
       Fresh encoding_rs v0.8.35
       Fresh wayland-protocols-misc v0.3.10
       Fresh wayland-protocols-experimental v20250721.0.1
       Fresh rand_core v0.9.5
       Fresh crossbeam-epoch v0.9.18
       Fresh is-terminal v0.4.17
       Fresh num_cpus v1.17.0
       Fresh clap_lex v1.1.0
       Fresh slab v0.4.12
       Fresh strsim v0.11.1
       Fresh humantime v2.3.0
       Fresh mime v0.3.17
       Fresh byteorder-lite v0.1.0
       Fresh castaway v0.1.2
       Fresh iana-time-zone v0.1.65
       Fresh fastrand v2.3.0
       Fresh either v1.16.0
       Fresh isahc v1.7.2
       Fresh chrono v0.4.43
       Fresh env_logger v0.10.2
       Fresh image v0.25.9
       Fresh clap_builder v4.6.0
       Fresh crossbeam-deque v0.8.6
       Fresh core_affinity v0.8.3
       Fresh wgpu-core v25.0.2
       Fresh glutin_glx_sys v0.6.1
       Fresh serde_json v1.0.149
       Fresh smithay-client-toolkit v0.20.0
       Fresh url v2.5.8
       Fresh accesskit_unix v0.15.0
       Fresh flate2 v1.1.8
       Fresh glutin_egl_sys v0.7.1
       Fresh nix v0.30.1
       Fresh askama v0.14.0
       Fresh rand_chacha v0.3.1
       Fresh clap_derive v4.6.1
       Fresh tempfile v3.27.0
       Fresh crossbeam-channel v0.5.15
       Fresh concat-idents v1.1.5
       Fresh powerfmt v0.2.0
       Fresh ciborium-io v0.2.2
       Fresh minimal-lexical v0.2.1
       Fresh plotters-backend v0.3.7
       Fresh event-listener v2.5.3
       Fresh web-time v1.1.0
       Fresh virtue v0.0.18
       Fresh option-ext v0.2.0
       Fresh rustc-hash v2.1.1
       Fresh bincode_derive v2.0.1
       Fresh dirs-sys v0.5.0
       Fresh type-map v0.5.1
       Fresh plotters-svg v0.3.7
       Fresh async-channel v1.9.0
       Fresh deranged v0.5.5
       Fresh time-macros v0.2.26
       Fresh hello_egui_utils v0.9.0
       Fresh nom v7.1.3
       Fresh ciborium-ll v0.2.2
       Fresh clap v4.6.1
       Fresh glutin v0.32.3
       Fresh ctrlc v3.5.1
       Fresh rand v0.8.5
       Fresh accesskit_winit v0.27.0
       Fresh smithay-clipboard v0.7.3
       Fresh nix v0.29.0
       Fresh wgpu v25.0.2
       Fresh webbrowser v1.0.6
       Fresh rayon-core v1.13.0
       Fresh arboard v3.6.1
       Fresh pretty_env_logger v0.5.0
       Fresh itertools v0.13.0
       Fresh rand_chacha v0.9.0
       Fresh futures-executor v0.3.31
       Fresh async-global-executor v2.4.1
       Fresh ringbuf v0.4.8
       Fresh crossbeam-queue v0.3.12
       Fresh memmap v0.7.0
       Fresh wait-timeout v0.2.1
       Fresh kv-log-macro v1.0.7
       Fresh aeron_archiver_codecs v0.1.1
       Fresh unty v0.0.4
       Fresh base64 v0.21.7
       Fresh nu-ansi-term v0.50.3
       Fresh byteorder v1.5.0
       Fresh fnv v1.0.7
       Fresh quick-error v1.2.3
       Fresh num-conv v0.2.0
       Fresh cache_line_size v1.0.0
       Fresh same-file v1.0.6
       Fresh simple-easing v1.0.1
       Fresh cast v0.3.0
       Fresh lazy_static v1.5.0
       Fresh time-core v0.1.8
       Fresh galvanic-assert v0.8.7
       Fresh flexi_logger v0.31.8
       Fresh rusty-fork v0.3.1
       Fresh hdrhistogram v7.5.4
       Fresh walkdir v2.5.0
       Fresh aeron v0.2.0
       Fresh criterion-plot v0.8.2
       Fresh time v0.3.46
       Fresh egui_animation v0.9.0
       Fresh futures v0.3.31
       Fresh bincode v2.0.1
       Fresh async-std v1.13.2
       Fresh async-ringbuf v0.3.5
       Fresh rayon v1.12.0
       Fresh egui-winit v0.32.3
       Fresh rand v0.9.2
       Fresh egui-wgpu v0.32.3
       Fresh ciborium v0.2.2
       Fresh glutin-winit v0.5.0
       Fresh plotters v0.3.7
       Fresh winapi v0.3.9
       Fresh dirs v6.0.0
       Fresh alloca v0.4.0
       Fresh tinytemplate v1.2.1
       Fresh gmp-mpfr-sys v1.6.8
       Fresh rand_xorshift v0.4.0
       Fresh egui_glow v0.32.3
       Fresh page_size v0.6.0
       Fresh anes v0.1.6
       Fresh pollster v0.4.0
       Fresh az v1.3.0
       Fresh bytes v1.11.0
       Fresh unarray v0.1.4
       Fresh futures-timer v3.0.3
       Fresh oorandom v11.1.5
       Fresh eframe v0.32.3
       Fresh egui_dnd v0.13.0
       Fresh rug v1.28.1
       Fresh steady_state v0.2.13
       Fresh proptest v1.11.0
       Fresh criterion v0.8.2
       Dirty critical_zoomer v0.0.8 (/tmp/cargo-mutants-Critical-Zoomer-207Ptk.tmp): the file `src/assemblies/workgroup_new/workcore/mandelbrot/scheduler_implementations/index_scheduler.rs` has changed (1785197676.635231986s, 13s after last build at 1785197663.238094469s)
   Compiling critical_zoomer v0.0.8 (/tmp/cargo-mutants-Critical-Zoomer-207Ptk.tmp)
     Running `/home/jonathan/.rustup/toolchains/stable-x86_64-unknown-linux-gnu/bin/rustc --crate-name critical_zoomer --edition=2021 src/lib.rs --error-format=json --json=diagnostic-rendered-ansi,artifacts,future-incompat --emit=dep-info,link -C opt-level=3 -C embed-bitcode=no --test --check-cfg 'cfg(docsrs,test)' --check-cfg 'cfg(feature, values())' -C metadata=7ec231e00c01aed9 -C extra-filename=-a89f409cb498034c --out-dir /home/jonathan/git/Critical-Zoomer/target/release/deps -C strip=debuginfo -L dependency=/home/jonathan/git/Critical-Zoomer/target/release/deps --extern bytemuck=/home/jonathan/git/Critical-Zoomer/target/release/deps/libbytemuck-6ad1531950a88c22.rlib --extern clap=/home/jonathan/git/Critical-Zoomer/target/release/deps/libclap-6bb738a4bad76b49.rlib --extern criterion=/home/jonathan/git/Critical-Zoomer/target/release/deps/libcriterion-ba20108103f5faef.rlib --extern eframe=/home/jonathan/git/Critical-Zoomer/target/release/deps/libeframe-957fc594ba1631ab.rlib --extern egui=/home/jonathan/git/Critical-Zoomer/target/release/deps/libegui-94003f44cff00151.rlib --extern egui_wgpu=/home/jonathan/git/Critical-Zoomer/target/release/deps/libegui_wgpu-9f7b3053db2bd802.rlib --extern egui_dnd=/home/jonathan/git/Critical-Zoomer/target/release/deps/libegui_dnd-8e68e6fe5a1d5353.rlib --extern num_traits=/home/jonathan/git/Critical-Zoomer/target/release/deps/libnum_traits-09c0534df2e70a24.rlib --extern proptest=/home/jonathan/git/Critical-Zoomer/target/release/deps/libproptest-dece9c924cdabebc.rlib --extern rand=/home/jonathan/git/Critical-Zoomer/target/release/deps/librand-01eafcd9a9566138.rlib --extern rug=/home/jonathan/git/Critical-Zoomer/target/release/deps/librug-6645e5cbcf4ba3e0.rlib --extern smallvec=/home/jonathan/git/Critical-Zoomer/target/release/deps/libsmallvec-592e8ba11281fe61.rlib --extern steady_state=/home/jonathan/git/Critical-Zoomer/target/release/deps/libsteady_state-980a530b05918fb2.rlib --extern wgpu=/home/jonathan/git/Critical-Zoomer/target/release/deps/libwgpu-a989ce1875cbf854.rlib --extern winit=/home/jonathan/git/Critical-Zoomer/target/release/deps/libwinit-e98351cf19ecf24f.rlib -L native=/home/jonathan/git/Critical-Zoomer/target/release/build/alloca-8894d5d7ae7635db/out -L native=/home/jonathan/git/Critical-Zoomer/target/release/build/gmp-mpfr-sys-0aafb854c9cf9cb3/out/lib`
    Finished `release` profile [optimized] target(s) in 17.39s
     Running `/home/jonathan/git/Critical-Zoomer/target/release/deps/critical_zoomer-a89f409cb498034c --test-threads=1`

running 184 tests
test assemblies::headgroup::window::coords::tests::empty_goto_invalid ... FAILED
test assemblies::headgroup::window::coords::tests::parse_comma_pair ... ok
test assemblies::headgroup::window::coords::tests::parse_imag_leading_parens ... ok
test assemblies::headgroup::window::coords::tests::parse_plus_i_form ... ok
test assemblies::headgroup::window::coords::tests::ul_for_center_zero_centers_viewport ... ok
test assemblies::headgroup::window::gpu_display::b_ten_1_tests::nores_answer_packs_as_outside_not_missing ... ok
test assemblies::headgroup::window::inputs::scroll_zoom_tests::negative_scroll_step_zooms_in_on_this_stack ... ok
test assemblies::headgroup::window::inputs::scroll_zoom_tests::positive_scroll_step_zooms_out_on_this_stack ... ok
test assemblies::headgroup::window::inputs::scroll_zoom_tests::scroll_bump_is_one_pot ... ok
test assemblies::headgroup::window::offscreen::tests::deep_zoom_out_marks_too_small ... ok
test assemblies::headgroup::window::offscreen::tests::diameter_px_scales_with_magnification ... ok
test assemblies::headgroup::window::offscreen::tests::far_pan_marks_off_screen ... ok
test assemblies::headgroup::window::offscreen::tests::homeish_viewport_sees_r2_disk ... ok
test assemblies::headgroup::window::offscreen::tests::mostly_off_when_disk_only_in_outer_margin ... ok
test assemblies::headgroup::window::offscreen::tests::mostly_too_small_when_diameter_under_ten_percent_of_min_side ... ok
test assemblies::headgroup::window::sampling::hoard_tests::ingest_keeps_single_tile_per_absolute_key ... ok
test assemblies::headgroup::window::sampling::hoard_tests::nores_ingest_stays_outside ... ok
test assemblies::headgroup::window::sampling::hoard_tests::overlapping_prefers_finer_before_lesser ... ok
test assemblies::headgroup::window::sampling::hoard_tests::pan_ingest_keeps_distinct_absolute_keys ... ok
test assemblies::headgroup::window::transforms::zoom_tests::one_bump_changes_zoom_pot_by_one ... ok
test assemblies::headgroup::window::transforms::zoom_tests::two_in_bumps_are_four_x ... ok
test assemblies::headgroup::window::transforms::zoom_tests::zoom_out_bump_decrements_pot ... ok
test assemblies::shadergroup::colorer::color::tests::b_ste1_dummy_zero_neighbor_must_not_create_small_time_edge ... ok
test assemblies::shadergroup::colorer::color::tests::b_ste1_exterior_small_time_zero_still_readable_for_paint ... ok
test assemblies::shadergroup::colorer::color::tests::b_ste1_exterior_zero_neighbor_must_not_spur_inside_edge ... ok
test assemblies::shadergroup::colorer::color::tests::b_ste1_real_nonzero_small_time_step_still_edges ... ok
test assemblies::structs::gpu_tile::gpu_tile_upload_tests::empty_seats_stay_none_through_upload ... ok
test assemblies::structs::gpu_tile::gpu_tile_upload_tests::from_answer_tile_preserves_nores ... ok
test assemblies::structs::gpu_tile::gpu_tile_upload_tests::from_answer_tile_roundtrips_answer_fields ... ok
test assemblies::structs::stencil::c_generator_tests::f32_fails_when_points_not_distinguishable ... ok
test assemblies::structs::stencil::c_generator_tests::f64_generator_available_at_shallow_mag ... ok
test assemblies::structs::stencil::c_generator_tests::neighbor_cs_differ_when_generator_succeeds ... ok
test assemblies::structs::views::fill_associativity_fixed_tests::fill_associativity_holds_for_unit_offset_homothety ... ok
test assemblies::structs::views::fill_associativity_fixed_tests::two_zoom_ins_match_one_double_zoom_fill ... ok
test assemblies::structs::views::identity_test ... ok
test assemblies::structs::views::improve_test ... ok
test assemblies::structs::views::invalid_test_bad_data - should panic ... ok
test assemblies::structs::views::invalid_test_misaligned - should panic ... ok
test assemblies::structs::views::nonzero_phase_test ... ok
test assemblies::structs::views::pan_one_test ... ok
test assemblies::structs::views::zoom_in_associativity_test ... ok
test assemblies::structs::views::zoom_in_test ... ok
test assemblies::structs::views::zoom_in_test_3 ... ok
test assemblies::structs::views::zoom_out_test ... ok
test assemblies::workgroup_new::integration_tests::assembly_tests::apply_bump_never_lowers_limit ... ok
test assemblies::workgroup_new::integration_tests::assembly_tests::headgroup_applies_bump_when_protected_exceeds_limit ... ok
test assemblies::workgroup_new::integration_tests::assembly_tests::ingest_publisher_nores_stays_outside ... ok
test assemblies::workgroup_new::integration_tests::assembly_tests::ingest_rejects_sparser_replacement ... ok
test assemblies::workgroup_new::integration_tests::assembly_tests::minigraph_idle_complete_stops_new_publishes ... ok
test assemblies::workgroup_new::integration_tests::assembly_tests::minigraph_published_tiles_match_stencil_mag ... ok
test assemblies::workgroup_new::integration_tests::assembly_tests::minigraph_stencil_change_then_publish_ingest ... ok
test assemblies::workgroup_new::integration_tests::assembly_tests::pan_ingest_keeps_prior_tile_under_shifted_view ... ok
test assemblies::workgroup_new::integration_tests::assembly_tests::retarget_pan_keeps_reference_and_zeros_mag_velocity ... ok
test assemblies::workgroup_new::integration_tests::assembly_tests::retarget_preserves_attention_across_zoom ... ok
test assemblies::workgroup_new::integration_tests::assembly_tests::retarget_zoom_updates_mag_and_velocity ... ok
test assemblies::workgroup_new::integration_tests::assembly_tests::sampling_prune_distant_records_bump ... ok
test assemblies::workgroup_new::integration_tests::assembly_tests::session_publishes_while_incomplete_then_cadence_idles ... ok
test assemblies::workgroup_new::integration_tests::assembly_tests::tenacious_active_tile_survives_workshift ... ok
test assemblies::workgroup_new::integration_tests::assembly_tests::zoom_in_pipeline_starts_lookahead_column ... ok
test assemblies::workgroup_new::integration_tests::assembly_tests::zoom_out_scheduler_prefers_scredge_before_unbegun ... ok
test assemblies::workgroup_new::structs::calibrated_bias_tests::biased_escape_clamps_high_proximate ... ok
test assemblies::workgroup_new::structs::calibrated_bias_tests::biased_escape_keeps_proximate_when_in_bounds ... ok
test assemblies::workgroup_new::structs::calibrated_bias_tests::nores_bias_survives_as_outside ... ok
test assemblies::workgroup_new::structs::sparse_views::test_sparse_view_parity ... ok
test assemblies::workgroup_new::tile_manager::tests::bumps_when_protected_exceeds_limit ... ok
test assemblies::workgroup_new::tile_manager::tests::enforces_max_homothety_count_on_unprotected ... ok
test assemblies::workgroup_new::tile_manager::tests::never_prunes_current_or_lookahead_for_memory ... ok
test assemblies::workgroup_new::tile_manager::tests::nine_unprotected_mags_pruned_until_at_most_eight_remain ... ok
test assemblies::workgroup_new::tile_manager::tests::prefers_unrelated_before_near_hoard ... ok
test assemblies::workgroup_new::tile_manager::tests::protected_only_hoard_never_appears_in_prune_plan ... ok
test assemblies::workgroup_new::tile_manager::tests::prune_order_is_unrelated_then_near_never_protected ... ok
test assemblies::workgroup_new::tile_publisher::tests::agnostic_keeps_proximate_bias_when_in_bounds ... ok
test assemblies::workgroup_new::tile_publisher::tests::agnostic_without_proximate_is_nores ... ok
test assemblies::workgroup_new::tile_publisher::tests::cadence_allows_while_incomplete ... ok
test assemblies::workgroup_new::tile_publisher::tests::cadence_caps_at_max_hz ... ok
test assemblies::workgroup_new::tile_publisher::tests::cadence_idle_when_complete ... ok
test assemblies::workgroup_new::tile_publisher::tests::disproven_proximate_clamps_to_nearest_bound ... ok
test assemblies::workgroup_new::tile_session::perturbation_always_on_tests::attention_tile_location_contains_attention_seat ... ok
test assemblies::workgroup_new::tile_session::perturbation_always_on_tests::home_800x480_fills_within_five_seconds_cpu ... ok
test assemblies::workgroup_new::tile_session::perturbation_always_on_tests::home_screen_session_fills_majority_of_seats ... ok
test assemblies::workgroup_new::tile_session::perturbation_always_on_tests::live_workshift_perturbation_matches_naive_near_period_two_nucleus ... ok
test assemblies::workgroup_new::tile_session::perturbation_always_on_tests::lookahead_publish_location_zoom_matches_requested_mag ... ok
test assemblies::workgroup_new::tile_session::perturbation_always_on_tests::new_session_falls_back_to_zero_orbit_when_corner_has_no_nucleus ... ok
test assemblies::workgroup_new::tile_session::perturbation_always_on_tests::new_session_seeds_nonzero_reference_orbit_at_period_two_corner ... ok
test assemblies::workgroup_new::tile_session::perturbation_always_on_tests::retarget_pan_keeps_bound_reference_orbit ... ok
test assemblies::workgroup_new::tile_session::perturbation_always_on_tests::retarget_zoom_rebuilds_session ... ok
test assemblies::workgroup_new::tile_session::perturbation_always_on_tests::workshift_starts_lookahead_at_deeper_mag ... ok
test assemblies::workgroup_new::workcore::mandelbrot::reference_collection_tests::cardioid_nucleus_adds_nonzero_or_binds_zero ... ok
test assemblies::workgroup_new::workcore::mandelbrot::reference_collection_tests::collection_get_zero_works ... ok
test assemblies::workgroup_new::workcore::mandelbrot::reference_collection_tests::zero_orbit_id_is_immortal_slot_zero ... ok
test assemblies::workgroup_new::workcore::mandelbrot::scheduler_implementations::outfill_infill_scheduler::d_sch1_tests::flood_in_period_edge_in_gated_until_screen_edge_complete ... ok
test assemblies::workgroup_new::workcore::mandelbrot::scheduler_implementations::outfill_infill_scheduler::d_sch1_tests::period_resolve_queues_flood_in_with_propagated_period ... ok
test assemblies::workgroup_new::workcore::mandelbrot::scheduler_implementations::outfill_infill_scheduler::d_sch1_tests::reclaim_orphaned_active_requeues_edge_and_interior ... ok
test assemblies::workgroup_new::workcore::mandelbrot::scheduler_implementations::tile_scheduler::tile_scheduler_tests::at_rest_does_not_begin_tile_while_scredge_in_flight ... ok
test assemblies::workgroup_new::workcore::mandelbrot::scheduler_implementations::tile_scheduler::tile_scheduler_tests::attention_change_resets_lookahead_column ... ok
test assemblies::workgroup_new::workcore::mandelbrot::scheduler_implementations::tile_scheduler::tile_scheduler_tests::eventually_idles_after_draining ... ok
test assemblies::workgroup_new::workcore::mandelbrot::scheduler_implementations::tile_scheduler::tile_scheduler_tests::init_covers_screen_with_tiles ... ok
test assemblies::workgroup_new::workcore::mandelbrot::scheduler_implementations::tile_scheduler::tile_scheduler_tests::lookahead_column_emits_eight_increasing_mags_then_begin_tile ... ok
test assemblies::workgroup_new::workcore::mandelbrot::scheduler_implementations::tile_scheduler::tile_scheduler_tests::lookahead_column_is_depth_first_eight_bumps ... ok
test assemblies::workgroup_new::workcore::mandelbrot::scheduler_implementations::tile_scheduler::tile_scheduler_tests::next_prefers_tile_near_attention ... ok
test assemblies::workgroup_new::workcore::mandelbrot::scheduler_implementations::tile_scheduler::tile_scheduler_tests::release_scredge_active_requeues_unfinished ... ok
test assemblies::workgroup_new::workcore::mandelbrot::scheduler_implementations::tile_scheduler::tile_scheduler_tests::reopen_incomplete_tiles_clears_begun_finished ... ok
test assemblies::workgroup_new::workcore::mandelbrot::scheduler_implementations::tile_scheduler::tile_scheduler_tests::scredge_orders_by_attention_distance ... ok
test assemblies::workgroup_new::workcore::mandelbrot::scheduler_implementations::tile_scheduler::tile_scheduler_tests::stationary_prefers_screen_fill_before_lookahead ... ok
test assemblies::workgroup_new::workcore::mandelbrot::scheduler_implementations::tile_scheduler::tile_scheduler_tests::zoom_in_emits_lookahead_column_before_scredge ... ok
test assemblies::workgroup_new::workcore::mandelbrot::scheduler_implementations::tile_scheduler::tile_scheduler_tests::zoom_out_prefers_scredge_before_unbegun ... ok
test assemblies::workgroup_new::workcore::mandelbrot::worker_implementations::naive_cpu_worker::b_per_2_tests::regular_inside_answer_emits_unknown_period_zero ... ok
test assemblies::workgroup_new::workcore::mandelbrot::worker_implementations::naive_cpu_worker::symmetry_tests::cardioid_sample_conjugates_match ... ok
test assemblies::workgroup_new::workcore::mandelbrot::worker_implementations::naive_cpu_worker::symmetry_tests::mandelbrot_conjugate_symmetry ... ok
test assemblies::workgroup_new::workcore::mandelbrot::worker_implementations::naive_cpu_worker::symmetry_tests::seahorse_valley_conjugates_match ... ok
test assemblies::workgroup_new::workcore::mandelbrot::worker_implementations::periodicity_detector::tests::cardioid_and_bulb_boundary_rings_exact ... ok
test assemblies::workgroup_new::workcore::mandelbrot::worker_implementations::periodicity_detector::tests::cardioid_and_bulb_nuclei_exact ... ok
test assemblies::workgroup_new::workcore::mandelbrot::worker_implementations::periodicity_detector::tests::cardioid_interior_periods_spatially_uniform ... ok
test assemblies::workgroup_new::workcore::mandelbrot::worker_implementations::periodicity_detector::tests::entire_main_bulb_is_exactly_period_two ... ok
test assemblies::workgroup_new::workcore::mandelbrot::worker_implementations::periodicity_detector::tests::entire_main_cardioid_is_exactly_period_one ... ok
test assemblies::workgroup_new::workcore::mandelbrot::worker_implementations::periodicity_detector::tests::exterior_point_rejects_period ... ok
test assemblies::workgroup_new::workcore::mandelbrot::worker_implementations::periodicity_detector::tests::greater_magnification_local_samples_exact ... ok
test assemblies::workgroup_new::workcore::mandelbrot::worker_implementations::periodicity_detector::tests::membership_screen_cardioid_and_bulb_exact ... ok
test assemblies::workgroup_new::workcore::mandelbrot::worker_implementations::periodicity_detector::tests::near_parabolic_bulb_edge_is_exactly_period_two ... ok
test assemblies::workgroup_new::workcore::mandelbrot::worker_implementations::periodicity_detector::twin_tests::detect_period_respects_twin_for_cardioid_nucleus ... ok
test assemblies::workgroup_new::workcore::mandelbrot::worker_implementations::periodicity_detector::twin_tests::twin_confirm_accepts_matching_period_one_orbit ... ok
test assemblies::workgroup_new::workcore::mandelbrot::worker_implementations::periodicity_detector::twin_tests::twin_confirm_rejects_divergent_checkpoints ... ok
test assemblies::workgroup_new::workcore::mandelbrot::worker_implementations::periodicity_detector::twin_tests::twin_confirm_rejects_nearby_but_diverging_orbit ... ok
test assemblies::workgroup_new::workcore::mandelbrot::worker_implementations::perturbation_cpu_worker::phase4_tests::after_glitch_rebind_membership_matches_zero_orbit ... ok
test assemblies::workgroup_new::workcore::mandelbrot::worker_implementations::perturbation_cpu_worker::phase4_tests::glitch_does_not_fire_just_over_threshold_ratio ... ok
test assemblies::workgroup_new::workcore::mandelbrot::worker_implementations::perturbation_cpu_worker::phase4_tests::glitch_fires_just_under_threshold_ratio ... ok
test assemblies::workgroup_new::workcore::mandelbrot::worker_implementations::perturbation_cpu_worker::phase4_tests::glitch_rebinds_seat_to_zero_orbit ... ok
test assemblies::workgroup_new::workcore::mandelbrot::worker_implementations::perturbation_cpu_worker::phase4_tests::inside_answer_period_unknown_zero_allowed ... ok
test assemblies::workgroup_new::workcore::mandelbrot::worker_implementations::perturbation_cpu_worker::phase4_tests::seahorse_valley_fixture_matches_naive_on_zero_orbit ... ok
test assemblies::workgroup_new::workcore::mandelbrot::worker_implementations::perturbation_cpu_worker::phase4_tests::series_populated_for_nonzero_nucleus ... ok
test assemblies::workgroup_new::workcore::mandelbrot::worker_implementations::perturbation_cpu_worker::phase4_tests::shallow_naive_matches_perturb_zero_orbit_cardioid_and_exterior ... ok
test assemblies::workgroup_new::workcore::mandelbrot::worker_implementations::perturbation_cpu_worker::phase4_tests::worker_batch_zero_orbit_matches_via_stencil ... ok
test assemblies::workgroup_new::workcore::mandelbrot::worker_implementations::perturbation_gpu_worker::tests::falls_back_to_cpu_when_probe_reports_unavailable ... ok
test assemblies::workgroup_new::workcore::mandelbrot::worker_implementations::perturbation_gpu_worker::tests::gpu_perturbation_bout_escapes_exterior_when_device_available ... ok
test assemblies::workgroup_new::workcore::mandelbrot::worker_implementations::perturbation_gpu_worker::tests::never_exposes_perturbation_off_path ... ok
test assemblies::workgroup_new::workcore::mandelbrot::worker_implementations::perturbation_gpu_worker::tests::prefers_gpu_when_probe_reports_available ... ok
test assemblies::workgroup_new::workcore::mandelbrot::worker_implementations::reference_worker::tests::inflight_work_on_old_orbit_blocks_discard ... ok
test assemblies::workgroup_new::workcore::mandelbrot::worker_implementations::reference_worker::tests::mag_change_keeps_old_bound_until_poll_ready ... ok
test assemblies::workgroup_new::workcore::mandelbrot::worker_implementations::reference_worker::tests::same_mag_pan_does_not_start_pending ... ok
test assemblies::workgroup_new::workcore::mandelbrot::worker_implementations::reference_worker::tests::seed_into_binds_without_ui ... ok
test constants::constants_tests::default_window_is_800x480 ... ok
test constants::constants_tests::default_window_res_matches_default_default ... ok
test constants::constants_tests::launch_inner_size_uses_default_not_a_custom_restore ... ok
test constants::constants_tests::nores_is_outside_escape_one_with_infinite_z ... ok
test e2e_oracle::oracle_proving_tests::c_two_is_outside_fast ... ok
test e2e_oracle::oracle_proving_tests::c_zero_is_inside ... ok
test e2e_oracle::oracle_proving_tests::center_zoom_pot_delta_is_one ... ok
test e2e_oracle::oracle_proving_tests::conjugate_symmetry_property ... ok
test e2e_oracle::oracle_proving_tests::exterior_far_is_outside ... ok
test e2e_oracle::oracle_proving_tests::home_fingerprint_stable ... ok
test e2e_oracle::oracle_proving_tests::home_framing_samples_inside_and_outside ... ok
test e2e_oracle::oracle_proving_tests::home_position_constant_is_neg2 ... ok
test e2e_oracle::oracle_proving_tests::home_stencil_has_c_generator ... ok
test floatexp::floatexp_tests::floatexp_add_mul_basic ... ok
test floatexp::floatexp_tests::floatexp_mandelbrotable_constants ... ok
test intexp::property_tests::intexp_add_commutative ... ok
test intexp::property_tests::intexp_add_commutative_shifted_exponents ... ok
test intexp::property_tests::intexp_add_zero_identity ... ok
test intexp::property_tests::intexp_mul_associative ... ok
test intexp::property_tests::intexp_mul_associative_fixed_powers_of_two ... ok
test intexp::property_tests::intexp_mul_one_identity ... ok
test intexp::property_tests::shift_method_matches_shl_shr ... ok
test intexp::property_tests::shl_adds_to_exponent_not_value ... ok
test intexp::property_tests::shr_subtracts_from_exponent ... ok
test intexp::test_intexp_speed ... ok
test range::tests::guess_biased_clamps_above_to_upper ... ok
test range::tests::guess_biased_clamps_below_to_lower ... ok
test range::tests::guess_biased_keeps_bias_inside ... ok
test range::tests::guess_biased_stays_inside_ordered_bounds ... ok
test range::tests::nan_bounds_are_agnostic ... ok
test range::tests::test_can_eq_overlap ... ok
test range::tests::test_must_gt_logic ... ok
test range::tests::test_must_ne_separation ... ok
test settings::animable_tests::determine_animated_stays_in_normalized_range ... ok
test settings::animable_tests::determine_period_modulo_not_division_identity ... ok
test settings::animable_tests::determine_static_returns_value_inside_limits ... ok
test settings::animable_tests::determine_wave_is_half_raised_cosine_not_identity ... ok
test settings::animable_tests::max_frame_time_is_reciprocal_of_min_frame_rate ... ok
test stacked_intexp::stacked_intexp_tests::default_stacks_is_four ... ok
test stacked_intexp::stacked_intexp_tests::stacked_add_matches_intexp ... ok
test stacked_intexp::stacked_intexp_tests::stacked_mul_matches_intexp ... ok
test stacked_intexp::stacked_intexp_tests::stacked_roundtrip_intexp ... ok
test stacked_intexp::stacked_intexp_tests::stacked_shifted_add_matches_intexp ... ok
test stacked_intexp::stacked_intexp_tests::stacked_sub_matches_intexp ... ok

failures:

---- assemblies::headgroup::window::coords::tests::empty_goto_invalid stdout ----

thread 'assemblies::headgroup::window::coords::tests::empty_goto_invalid' (446842) panicked at src/assemblies/headgroup/window/coords.rs:261:9:
assertion failed: goto_line_is_valid("0, 0")
note: run with `RUST_BACKTRACE=1` environment variable to display a backtrace


failures:
    assemblies::headgroup::window::coords::tests::empty_goto_invalid

test result: FAILED. 183 passed; 1 failed; 0 ignored; 0 measured; 0 filtered out; finished in 103.44s

error: test failed, to rerun pass `-p critical_zoomer --lib`

*** result: Failure(101)
